[ config   ] ARK Invest updater:
              MAX_FETCHES=0
              REQUEST_SLEEP=1.5
              CONCURRENCY=2
              AUM=:
              CATEGORY=
              DIVIDEND_YIELD=:
              EDGAR_FALLBACK=true
              HISTORY_PAGE_SIZE=1000
              HOLDINGS_PAGE_SIZE=250
              MAX_RETRIES=2
              PERFORMANCE_10Y=:
              PERFORMANCE_1Y=:
              PERFORMANCE_3Y=:
              PERFORMANCE_5Y=:
              PERFORMANCE_YTD=:
              SEC_UA=DaggerOk ARK static feed updater admin@daggerok.example.com
              SEC_YIELD=:
              SKIP_ARK=false
              SKIP_YAHOO=false
              TER=:
              TICKERS=all
              TOTAL_RETURN_10Y=:
              TOTAL_RETURN_1Y=:
              TOTAL_RETURN_3Y=:
              TOTAL_RETURN_5Y=:
              TOTAL_RETURN_YTD=:
              VERBOSE=true
[ issuer   ] ARK direct requests returned 2 consecutive HTTP 403 responses; using the read-only r.jina.ai proxy for remaining issuer requests.
[ catalog  ] 14 ARK Invest ETFs (official ETF page; 14 supported fund paths observed; fixed 14-fund catalog retained)
[ filter   ] 14 of 14 funds pass filters
[  1/14  ] ARKD  updated   history=184 holdings=4 divs=0 netAssets=$1.4M
[  2/14  ] ARKB  updated   history=679 holdings=1 divs=0 netAssets=$2.7B
[  3/14  ] ARKE  updated   history=61 holdings=5 divs=0 netAssets=$1.4M
[ holdings ] ARKF CSV snapshot is 270 days old (as of 2026-01-02); the source date is preserved and HTTP 200 is not treated as evidence of freshness.
[  4/14  ] ARKF  updated   history=1922 holdings=44 divs=3 netAssets=$700.8M div=0.09
[  5/14  ] ARKG  updated   history=2992 holdings=33 divs=5 netAssets=$1.6B
[  6/14  ] ARKI  updated   history=123 holdings=5 divs=0 netAssets=$1.0M
[  7/14  ] ARKK  updated   history=2992 holdings=46 divs=7 netAssets=$5.6B
[ retry    ] ARK proxy HTTP 429 for https://r.jina.ai/https://www.ark-funds.com/api/fund/performance/1001?Range=month-end&Tab=tab-annualized&ExcludeMarketPrice=False&DisplayReturnCharge=False; retry 1/2 in 2000ms
[ retry    ] ARK proxy HTTP 429 for https://r.jina.ai/https://www.ark-funds.com/funds/arkt; retry 1/2 in 2000ms
[  8/14  ] ARKQ  updated   history=3015 holdings=38 divs=6 netAssets=$1.9B div=0.25
[ retry    ] ARK proxy HTTP 429 for https://r.jina.ai/https://www.ark-funds.com/funds/arkt; retry 2/2 in 2000ms
[ issuer   ] ARKT ARK proxy HTTP 429 Too Many Requests for https://r.jina.ai/https://www.ark-funds.com/funds/arkt: {"data":null,"retryAfter":2,"retryAfterDate":"2026-09-29T03:18:47.894Z","code":429,"name":"RateLimitTriggeredError","status":42903,"message":"Per IP rate limit exceeded","readableM
[  9/14  ] ARKT  updated   history=249 holdings=5 divs=1 div=0.23
[ 10/14  ] ARKW  updated   history=3015 holdings=43 divs=6 netAssets=$1.6B div=1.44
[ 11/14  ] ARKX  updated   history=1380 holdings=35 divs=0 netAssets=$759.5M
[ retry    ] ARK proxy HTTP 429 for https://r.jina.ai/https://www.ark-funds.com/api/fund/overview/1015; retry 1/2 in 2000ms
[ retry    ] ARK proxy HTTP 429 for https://r.jina.ai/https://www.ark-funds.com/api/fund/performance/1015?Range=month-end&Tab=tab-annualized&ExcludeMarketPrice=False&DisplayReturnCharge=False; retry 1/2 in 2000ms
[ retry    ] ARK proxy HTTP 429 for https://r.jina.ai/https://www.ark-funds.com/funds/izrl; retry 1/2 in 2000ms
[ retry    ] ARK proxy HTTP 429 for https://r.jina.ai/https://www.ark-funds.com/api/fund/performance/1015?Range=month-end&Tab=tab-annualized&ExcludeMarketPrice=False&DisplayReturnCharge=False; retry 2/2 in 1000ms
[ performance] ARKY ARK proxy HTTP 429 Too Many Requests for https://r.jina.ai/https://www.ark-funds.com/api/fund/performance/1015?Range=month-end&Tab=tab-annualized&ExcludeMarketPrice=False&DisplayReturnCharge=False: {"data":null,"retryAfter":2,"retryAfterDate":"2026-09-29T03:19:29.894Z","code":429,"name":"RateLimitTriggeredError","status":42903,"message":"Per IP rate limit exceeded","readableM
[ 12/14  ] ARKY  updated   history=27 holdings=47 divs=0 netAssets=$28.4M
[ retry    ] ARK proxy HTTP 429 for https://r.jina.ai/https://www.ark-funds.com/api/fund/nav-historical-change/1006?headingText=NAV+Historical+Change&overviewText=NAV+and+Market+Price; retry 1/2 in 2000ms
[ retry    ] ARK proxy HTTP 429 for https://r.jina.ai/https://www.ark-funds.com/api/fund/performance/1006?Range=quarter-end&Tab=tab-annualized&ExcludeMarketPrice=False&DisplayReturnCharge=False; retry 1/2 in 2000ms
[ retry    ] ARK proxy HTTP 429 for https://r.jina.ai/https://www.ark-funds.com/api/fund/nav-historical-change/1006?headingText=NAV+Historical+Change&overviewText=NAV+and+Market+Price; retry 2/2 in 2000ms
[ retry    ] ARK proxy HTTP 429 for https://r.jina.ai/https://www.ark-funds.com/api/fund/overview/1005; retry 1/2 in 2000ms
[ retry    ] ARK proxy HTTP 429 for https://r.jina.ai/https://www.ark-funds.com/api/fund/performance/1005?Range=month-end&Tab=tab-annualized&ExcludeMarketPrice=False&DisplayReturnCharge=False; retry 1/2 in 2000ms
[ history  ] IZRL ARK proxy HTTP 429 Too Many Requests for https://r.jina.ai/https://www.ark-funds.com/api/fund/nav-historical-change/1006?headingText=NAV+Historical+Change&overviewText=NAV+and+Market+Price: {"data":null,"retryAfter":2,"retryAfterDate":"2026-09-29T03:19:47.894Z","code":429,"name":"RateLimitTriggeredError","status":42903,"message":"Per IP rate limit exceeded","readableM
[ 13/14  ] IZRL  updated   history=2214 holdings=66 divs=5 netAssets=$136.9M div=2.75
[ retry    ] ARK proxy HTTP 429 for https://r.jina.ai/https://www.ark-funds.com/api/fund/performance/1005?Range=month-end&Tab=tab-annualized&ExcludeMarketPrice=False&DisplayReturnCharge=False; retry 2/2 in 2000ms
[ 14/14  ] PRNT  updated   history=2562 holdings=44 divs=7 netAssets=$58.7M div=0.7
[ done     ] 14 funds updated, 0 failures
[ done     ] counts: 14 catalog funds · 416 holdings rows · 21415 history rows
