[ config   ] ARK Invest updater:
              MAX_FETCHES=0
              REQUEST_SLEEP=1.5
              CONCURRENCY=2
              AUM=:
              CATEGORY=
              DIVIDEND_YIELD=:
              EDGAR_FALLBACK=true
              HISTORY_PAGE_SIZE=1000
              HOLDINGS_PAGE_SIZE=250
              MAX_RETRIES=2
              PERFORMANCE_10Y=:
              PERFORMANCE_1Y=:
              PERFORMANCE_3Y=:
              PERFORMANCE_5Y=:
              PERFORMANCE_YTD=:
              SEC_UA=DaggerOk ARK static feed updater admin@daggerok.example.com
              SEC_YIELD=:
              SKIP_ARK=false
              SKIP_YAHOO=false
              TER=:
              TICKERS=ARKK,ARKY,ARKB
              TOTAL_RETURN_10Y=:
              TOTAL_RETURN_1Y=:
              TOTAL_RETURN_3Y=:
              TOTAL_RETURN_5Y=:
              TOTAL_RETURN_YTD=:
              VERBOSE=true
[ issuer   ] ARK direct requests returned 2 consecutive HTTP 403 responses; using the read-only r.jina.ai proxy for remaining issuer requests.
[ catalog  ] 14 ARK Invest ETFs (official ETF page; 14 supported fund paths observed; fixed 14-fund catalog retained)
[ filter   ] 3 of 14 funds pass filters
[  1/3   ] ARKB  unchanged history=679 holdings=1 divs=0 netAssets=$2.7B
[  2/3   ] ARKK  unchanged history=2992 holdings=46 divs=7 netAssets=$5.6B
[  3/3   ] ARKY  unchanged history=27 holdings=47 divs=0 netAssets=$28.4M
[ done     ] 3 funds updated, 0 failures
[ done     ] counts: 14 catalog funds · 94 holdings rows · 3698 history rows
