[ config   ] ARK Invest updater:
              MAX_FETCHES=0
              REQUEST_SLEEP=1.5
              CONCURRENCY=2
              AUM=:
              CATEGORY=
              DIVIDEND_YIELD=:
              EDGAR_FALLBACK=true
              HISTORY_PAGE_SIZE=1000
              HOLDINGS_PAGE_SIZE=250
              MAX_RETRIES=2
              PERFORMANCE_10Y=:
              PERFORMANCE_1Y=:
              PERFORMANCE_3Y=:
              PERFORMANCE_5Y=:
              PERFORMANCE_YTD=:
              SEC_UA=DaggerOk ARK static feed updater admin@daggerok.example.com
              SEC_YIELD=:
              SKIP_ARK=false
              SKIP_YAHOO=false
              TER=:
              TICKERS=ARKK,ARKY,ARKB
              TOTAL_RETURN_10Y=:
              TOTAL_RETURN_1Y=:
              TOTAL_RETURN_3Y=:
              TOTAL_RETURN_5Y=:
              TOTAL_RETURN_YTD=:
              VERBOSE=true
[ catalog  ] official catalog unavailable; retaining all 14 supported ETFs: ARK issuer HTTP 403 Forbidden for https://www.ark-funds.com/our-etfs/: <!DOCTYPE html> <!--[if lt IE 7]> <html class="no-js ie6 oldie" lang="en-US"> <![endif]--> <!--[if IE 7]> <html class="no-js ie7 oldie" lang="en-US"> <![endif]--> <!--[if IE 8]> <h
[ filter   ] 3 of 14 funds pass filters
[ issuer   ] ARK direct requests returned 2 consecutive HTTP 403 responses; using the read-only r.jina.ai proxy for remaining issuer requests.
[ issuer   ] ARK direct requests returned 3 consecutive HTTP 403 responses; using the read-only r.jina.ai proxy for remaining issuer requests.
[ issuer   ] ARKB official fund page did not expose /api/fund/overview/<id>
[  1/3   ] ARKB  updated   history=679 holdings=1 divs=0
[ issuer   ] ARKK official fund page did not expose /api/fund/overview/<id>
[  2/3   ] ARKK  updated   history=2992 holdings=46 divs=7
[ issuer   ] ARKY official fund page did not expose /api/fund/overview/<id>
[  3/3   ] ARKY  updated   history=27 holdings=47 divs=0
[ done     ] 3 funds updated, 0 failures
[ done     ] counts: 14 catalog funds · 94 holdings rows · 3698 history rows
